// Jest Snapshot v1, https://goo.gl/fbAQLP

exports[`picks the only quote available 1`] = `"A quote"`;
